// Jest Snapshot v1, https://goo.gl/fbAQLP

exports[`renders correctly 1`] = `
<div
  className="homeDiv"
>
  <span
    className="home-span"
  >
    Home Page
  </span>
  <img
    alt="AgeOfEmpires"
    src="AgeOfEmpires.png"
  />
</div>
`;
